// Jest Snapshot v1, https://goo.gl/fbAQLP

exports[`BaseButton should have rendered BaseButton 1`] = `ShallowWrapper {}`;

exports[`BaseButton should have rendered BaseModal 1`] = `ShallowWrapper {}`;
